layer at (0,0) size 800x600
  RenderView at (0,0) size 800x600
layer at (0,0) size 800x442
  RenderBlock {HTML} at (0,0) size 800x442
    RenderBody {BODY} at (8,16) size 784x410
      RenderBlock {P} at (0,0) size 784x17
        RenderText {#text} at (0,0) size 308x17
          text run at (0,0) width 308: "This test is a basic check for using text-overflow."
      RenderBlock {P} at (0,33) size 784x137
        RenderText {#text} at (0,0) size 481x17
          text run at (0,0) width 481: "Apply \"text-overflow:clip\" to inputs. The following input should be clipped:"
        RenderBR {BR} at (481,0) size 0x17
        RenderTextControl {INPUT} at (2,20) size 191x23 [bgcolor=#FFFFFF] [border: (2px inset #000000)]
        RenderText {#text} at (195,23) size 4x17
          text run at (195,23) width 4: " "
        RenderTextControl {INPUT} at (201,19) size 211x26 [bgcolor=#FFFFFF] [border: (2px inset #000000)]
          RenderFlexibleBox {DIV} at (3,3) size 205x20
            RenderBlock {DIV} at (0,10) size 0x0
            RenderBlock {DIV} at (0,1) size 185x18
            RenderBlock {DIV} at (185,0) size 20x20
        RenderText {#text} at (414,23) size 4x17
          text run at (414,23) width 4: " "
        RenderTextControl {INPUT} at (420,20) size 191x23 [bgcolor=#FFFFFF] [border: (2px inset #000000)]
        RenderText {#text} at (0,0) size 0x0
        RenderTextControl {INPUT} at (2,49) size 211x26 [bgcolor=#FFFFFF] [border: (2px inset #000000)]
          RenderFlexibleBox {DIV} at (3,3) size 205x20
            RenderBlock {DIV} at (0,10) size 0x0
            RenderBlock {DIV} at (0,1) size 185x18
            RenderBlock {DIV} at (185,0) size 20x20
        RenderText {#text} at (215,53) size 4x17
          text run at (215,53) width 4: " "
        RenderTextControl {INPUT} at (221,50) size 191x23 [bgcolor=#FFFFFF] [border: (2px inset #000000)]
          RenderFlexibleBox {DIV} at (3,3) size 185x17
            RenderBlock {DIV} at (0,0) size 185x17
        RenderBR {BR} at (414,53) size 0x17
        RenderTextControl {INPUT} at (2,80) size 191x23 [bgcolor=#FFFFFF] [border: (2px inset #000000)]
        RenderText {#text} at (195,83) size 4x17
          text run at (195,83) width 4: " "
        RenderTextControl {INPUT} at (201,79) size 211x26 [bgcolor=#FFFFFF] [border: (2px inset #000000)]
          RenderFlexibleBox {DIV} at (3,3) size 205x20
            RenderBlock {DIV} at (205,10) size 0x0
            RenderBlock {DIV} at (20,1) size 185x18
            RenderBlock {DIV} at (0,0) size 20x20
        RenderText {#text} at (414,83) size 4x17
          text run at (414,83) width 4: " "
        RenderTextControl {INPUT} at (420,80) size 191x23 [bgcolor=#FFFFFF] [border: (2px inset #000000)]
        RenderText {#text} at (0,0) size 0x0
        RenderTextControl {INPUT} at (2,109) size 211x26 [bgcolor=#FFFFFF] [border: (2px inset #000000)]
          RenderFlexibleBox {DIV} at (3,3) size 205x20
            RenderBlock {DIV} at (205,10) size 0x0
            RenderBlock {DIV} at (20,1) size 185x18
            RenderBlock {DIV} at (0,0) size 20x20
        RenderText {#text} at (215,113) size 4x17
          text run at (215,113) width 4: " "
        RenderTextControl {INPUT} at (221,110) size 191x23 [bgcolor=#FFFFFF] [border: (2px inset #000000)]
          RenderFlexibleBox {DIV} at (3,3) size 185x17
            RenderBlock {DIV} at (0,0) size 185x17
        RenderText {#text} at (0,0) size 0x0
      RenderBlock {P} at (0,186) size 784x137
        RenderText {#text} at (0,0) size 536x17
          text run at (0,0) width 536: "Apply \"text-overflow:ellipsis\" to inputs. The following input should show an ellipsis:"
        RenderBR {BR} at (536,0) size 0x17
        RenderTextControl {INPUT} at (2,20) size 191x23 [bgcolor=#FFFFFF] [border: (2px inset #000000)]
        RenderText {#text} at (195,23) size 4x17
          text run at (195,23) width 4: " "
        RenderTextControl {INPUT} at (201,19) size 211x26 [bgcolor=#FFFFFF] [border: (2px inset #000000)]
          RenderFlexibleBox {DIV} at (3,3) size 205x20
            RenderBlock {DIV} at (0,10) size 0x0
            RenderBlock {DIV} at (0,1) size 185x18
            RenderBlock {DIV} at (185,0) size 20x20
        RenderText {#text} at (414,23) size 4x17
          text run at (414,23) width 4: " "
        RenderTextControl {INPUT} at (420,20) size 191x23 [bgcolor=#FFFFFF] [border: (2px inset #000000)]
        RenderText {#text} at (0,0) size 0x0
        RenderTextControl {INPUT} at (2,49) size 211x26 [bgcolor=#FFFFFF] [border: (2px inset #000000)]
          RenderFlexibleBox {DIV} at (3,3) size 205x20
            RenderBlock {DIV} at (0,10) size 0x0
            RenderBlock {DIV} at (0,1) size 185x18
            RenderBlock {DIV} at (185,0) size 20x20
        RenderText {#text} at (215,53) size 4x17
          text run at (215,53) width 4: " "
        RenderTextControl {INPUT} at (221,50) size 191x23 [bgcolor=#FFFFFF] [border: (2px inset #000000)]
          RenderFlexibleBox {DIV} at (3,3) size 185x17
            RenderBlock {DIV} at (0,0) size 185x17
        RenderBR {BR} at (414,53) size 0x17
        RenderTextControl {INPUT} at (2,80) size 191x23 [bgcolor=#FFFFFF] [border: (2px inset #000000)]
        RenderText {#text} at (195,83) size 4x17
          text run at (195,83) width 4: " "
        RenderTextControl {INPUT} at (201,79) size 211x26 [bgcolor=#FFFFFF] [border: (2px inset #000000)]
          RenderFlexibleBox {DIV} at (3,3) size 205x20
            RenderBlock {DIV} at (205,10) size 0x0
            RenderBlock {DIV} at (20,1) size 185x18
            RenderBlock {DIV} at (0,0) size 20x20
        RenderText {#text} at (414,83) size 4x17
          text run at (414,83) width 4: " "
        RenderTextControl {INPUT} at (420,80) size 191x23 [bgcolor=#FFFFFF] [border: (2px inset #000000)]
        RenderText {#text} at (0,0) size 0x0
        RenderTextControl {INPUT} at (2,109) size 211x26 [bgcolor=#FFFFFF] [border: (2px inset #000000)]
          RenderFlexibleBox {DIV} at (3,3) size 205x20
            RenderBlock {DIV} at (205,10) size 0x0
            RenderBlock {DIV} at (20,1) size 185x18
            RenderBlock {DIV} at (0,0) size 20x20
        RenderText {#text} at (215,113) size 4x17
          text run at (215,113) width 4: " "
        RenderTextControl {INPUT} at (221,110) size 191x23 [bgcolor=#FFFFFF] [border: (2px inset #000000)]
          RenderFlexibleBox {DIV} at (3,3) size 185x17
            RenderBlock {DIV} at (0,0) size 185x17
        RenderText {#text} at (0,0) size 0x0
      RenderBlock {P} at (0,339) size 784x71
        RenderText {#text} at (0,0) size 233x17
          text run at (0,0) width 233: "Dynamic style change text-overflow:"
        RenderBR {BR} at (233,0) size 0x17
        RenderText {#text} at (0,22) size 239x17
          text run at (0,22) width 239: "Clip to ellipsis (should show ellipsis): "
        RenderTextControl {INPUT} at (241,19) size 191x23 [bgcolor=#FFFFFF] [border: (2px inset #000000)]
        RenderText {#text} at (434,22) size 4x17
          text run at (434,22) width 4: " "
        RenderTextControl {INPUT} at (440,19) size 191x23 [bgcolor=#FFFFFF] [border: (2px inset #000000)]
        RenderText {#text} at (633,22) size 4x17
          text run at (633,22) width 4: " "
        RenderBR {BR} at (0,0) size 0x0
        RenderText {#text} at (0,49) size 262x17
          text run at (0,49) width 262: "Ellipsis to clip (should not show ellipsis): "
        RenderTextControl {INPUT} at (264,46) size 191x23 [bgcolor=#FFFFFF] [border: (2px inset #000000)]
        RenderText {#text} at (457,49) size 4x17
          text run at (457,49) width 4: " "
        RenderTextControl {INPUT} at (463,46) size 191x23 [bgcolor=#FFFFFF] [border: (2px inset #000000)]
        RenderText {#text} at (656,49) size 4x17
          text run at (656,49) width 4: " "
        RenderBR {BR} at (0,0) size 0x0
layer at (13,72) size 185x17 scrollWidth 383
  RenderBlock {DIV} at (3,3) size 185x17 [color=#A9A9A9]
    RenderText {#text} at (0,0) size 383x17
      text run at (0,0) width 383: "Lorem ipsum dolor sit amet, consectetur adipiscing elit"
layer at (13,72) size 185x17
  RenderBlock {DIV} at (3,3) size 185x17
layer at (212,73) size 185x17 scrollWidth 383
  RenderBlock {DIV} at (3,4) size 185x18 [color=#A9A9A9]
    RenderText {#text} at (0,0) size 383x17
      text run at (0,0) width 383: "Lorem ipsum dolor sit amet, consectetur adipiscing elit"
layer at (212,73) size 185x17
  RenderBlock {DIV} at (0,0) size 185x17
layer at (431,72) size 185x17 scrollWidth 384
  RenderBlock {DIV} at (3,3) size 185x17
    RenderText {#text} at (0,0) size 383x17
      text run at (0,0) width 383: "Lorem ipsum dolor sit amet, consectetur adipiscing elit"
layer at (13,103) size 185x17 scrollWidth 384
  RenderBlock {DIV} at (0,0) size 185x17
    RenderText {#text} at (0,0) size 383x17
      text run at (0,0) width 383: "Lorem ipsum dolor sit amet, consectetur adipiscing elit"
layer at (232,102) size 185x17 scrollWidth 331
  RenderBlock {DIV} at (0,0) size 185x17
    RenderText {#text} at (0,0) size 330x17
      text run at (0,0) width 330: "\x{2022}\x{2022}\x{2022}\x{2022}\x{2022}\x{2022}\x{2022}\x{2022}\x{2022}\x{2022}\x{2022}\x{2022}\x{2022}\x{2022}\x{2022}\x{2022}\x{2022}\x{2022}\x{2022}\x{2022}\x{2022}\x{2022}\x{2022}\x{2022}\x{2022}\x{2022}\x{2022}\x{2022}\x{2022}\x{2022}\x{2022}\x{2022}\x{2022}\x{2022}\x{2022}\x{2022}\x{2022}\x{2022}\x{2022}\x{2022}\x{2022}\x{2022}\x{2022}\x{2022}\x{2022}\x{2022}\x{2022}\x{2022}\x{2022}\x{2022}\x{2022}\x{2022}\x{2022}\x{2022}\x{2022}"
layer at (13,132) size 185x17 scrollX 198 scrollWidth 383
  RenderBlock {DIV} at (3,3) size 185x17 [color=#A9A9A9]
    RenderText {#text} at (-198,0) size 383x17
      text run at (-198,0) width 383: "Lorem ipsum dolor sit amet, consectetur adipiscing elit"
layer at (13,132) size 185x17
  RenderBlock {DIV} at (3,3) size 185x17
layer at (232,133) size 185x17 scrollX 198 scrollWidth 383
  RenderBlock {DIV} at (23,4) size 185x18 [color=#A9A9A9]
    RenderText {#text} at (-198,0) size 383x17
      text run at (-198,0) width 383: "Lorem ipsum dolor sit amet, consectetur adipiscing elit"
layer at (232,133) size 185x17
  RenderBlock {DIV} at (0,0) size 185x17
layer at (431,132) size 185x17 scrollX 198 scrollWidth 383
  RenderBlock {DIV} at (3,3) size 185x17
    RenderText {#text} at (-198,0) size 383x17
      text run at (-198,0) width 383: "Lorem ipsum dolor sit amet, consectetur adipiscing elit"
layer at (33,163) size 185x17 scrollX 198 scrollWidth 383
  RenderBlock {DIV} at (0,0) size 185x17
    RenderText {#text} at (-198,0) size 383x17
      text run at (-198,0) width 383: "Lorem ipsum dolor sit amet, consectetur adipiscing elit"
layer at (232,162) size 185x17 scrollX 145 scrollWidth 330
  RenderBlock {DIV} at (0,0) size 185x17
    RenderText {#text} at (-145,0) size 330x17
      text run at (-145,0) width 330 RTL: "\x{2022}\x{2022}\x{2022}\x{2022}\x{2022}\x{2022}\x{2022}\x{2022}\x{2022}\x{2022}\x{2022}\x{2022}\x{2022}\x{2022}\x{2022}\x{2022}\x{2022}\x{2022}\x{2022}\x{2022}\x{2022}\x{2022}\x{2022}\x{2022}\x{2022}\x{2022}\x{2022}\x{2022}\x{2022}\x{2022}\x{2022}\x{2022}\x{2022}\x{2022}\x{2022}\x{2022}\x{2022}\x{2022}\x{2022}\x{2022}\x{2022}\x{2022}\x{2022}\x{2022}\x{2022}\x{2022}\x{2022}\x{2022}\x{2022}\x{2022}\x{2022}\x{2022}\x{2022}\x{2022}\x{2022}"
layer at (13,225) size 185x17 scrollWidth 383
  RenderBlock {DIV} at (3,3) size 185x17 [color=#A9A9A9]
    RenderText {#text} at (0,0) size 383x17
      text run at (0,0) width 383: "Lorem ipsum dolor sit amet, consectetur adipiscing elit"
layer at (13,225) size 185x17
  RenderBlock {DIV} at (3,3) size 185x17
layer at (212,226) size 185x17 scrollWidth 383
  RenderBlock {DIV} at (3,4) size 185x18 [color=#A9A9A9]
    RenderText {#text} at (0,0) size 383x17
      text run at (0,0) width 383: "Lorem ipsum dolor sit amet, consectetur adipiscing elit"
layer at (212,226) size 185x17
  RenderBlock {DIV} at (0,0) size 185x17
layer at (431,225) size 185x17 scrollWidth 384
  RenderBlock {DIV} at (3,3) size 185x17
    RenderText {#text} at (0,0) size 383x17
      text run at (0,0) width 383: "Lorem ipsum dolor sit amet, consectetur adipiscing elit"
layer at (13,256) size 185x17 scrollWidth 384
  RenderBlock {DIV} at (0,0) size 185x17
    RenderText {#text} at (0,0) size 383x17
      text run at (0,0) width 383: "Lorem ipsum dolor sit amet, consectetur adipiscing elit"
layer at (232,255) size 185x17 scrollWidth 331
  RenderBlock {DIV} at (0,0) size 185x17
    RenderText {#text} at (0,0) size 330x17
      text run at (0,0) width 330: "\x{2022}\x{2022}\x{2022}\x{2022}\x{2022}\x{2022}\x{2022}\x{2022}\x{2022}\x{2022}\x{2022}\x{2022}\x{2022}\x{2022}\x{2022}\x{2022}\x{2022}\x{2022}\x{2022}\x{2022}\x{2022}\x{2022}\x{2022}\x{2022}\x{2022}\x{2022}\x{2022}\x{2022}\x{2022}\x{2022}\x{2022}\x{2022}\x{2022}\x{2022}\x{2022}\x{2022}\x{2022}\x{2022}\x{2022}\x{2022}\x{2022}\x{2022}\x{2022}\x{2022}\x{2022}\x{2022}\x{2022}\x{2022}\x{2022}\x{2022}\x{2022}\x{2022}\x{2022}\x{2022}\x{2022}"
layer at (13,285) size 185x17 scrollX 198 scrollWidth 383
  RenderBlock {DIV} at (3,3) size 185x17 [color=#A9A9A9]
    RenderText {#text} at (-198,0) size 383x17
      text run at (-198,0) width 383: "Lorem ipsum dolor sit amet, consectetur adipiscing elit"
layer at (13,285) size 185x17
  RenderBlock {DIV} at (3,3) size 185x17
layer at (232,286) size 185x17 scrollX 198 scrollWidth 383
  RenderBlock {DIV} at (23,4) size 185x18 [color=#A9A9A9]
    RenderText {#text} at (-198,0) size 383x17
      text run at (-198,0) width 383: "Lorem ipsum dolor sit amet, consectetur adipiscing elit"
layer at (232,286) size 185x17
  RenderBlock {DIV} at (0,0) size 185x17
layer at (431,285) size 185x17 scrollX 198 scrollWidth 383
  RenderBlock {DIV} at (3,3) size 185x17
    RenderText {#text} at (-198,0) size 383x17
      text run at (-198,0) width 383: "Lorem ipsum dolor sit amet, consectetur adipiscing elit"
layer at (33,316) size 185x17 scrollX 198 scrollWidth 383
  RenderBlock {DIV} at (0,0) size 185x17
    RenderText {#text} at (-198,0) size 383x17
      text run at (-198,0) width 383: "Lorem ipsum dolor sit amet, consectetur adipiscing elit"
layer at (232,315) size 185x17 scrollX 145 scrollWidth 330
  RenderBlock {DIV} at (0,0) size 185x17
    RenderText {#text} at (-145,0) size 330x17
      text run at (-145,0) width 330 RTL: "\x{2022}\x{2022}\x{2022}\x{2022}\x{2022}\x{2022}\x{2022}\x{2022}\x{2022}\x{2022}\x{2022}\x{2022}\x{2022}\x{2022}\x{2022}\x{2022}\x{2022}\x{2022}\x{2022}\x{2022}\x{2022}\x{2022}\x{2022}\x{2022}\x{2022}\x{2022}\x{2022}\x{2022}\x{2022}\x{2022}\x{2022}\x{2022}\x{2022}\x{2022}\x{2022}\x{2022}\x{2022}\x{2022}\x{2022}\x{2022}\x{2022}\x{2022}\x{2022}\x{2022}\x{2022}\x{2022}\x{2022}\x{2022}\x{2022}\x{2022}\x{2022}\x{2022}\x{2022}\x{2022}\x{2022}"
layer at (252,377) size 185x17 scrollWidth 383
  RenderBlock {DIV} at (3,3) size 185x17 [color=#A9A9A9]
    RenderText {#text} at (0,0) size 383x17
      text run at (0,0) width 383: "Lorem ipsum dolor sit amet, consectetur adipiscing elit"
layer at (252,377) size 185x17
  RenderBlock {DIV} at (3,3) size 185x17
layer at (451,377) size 185x17 scrollWidth 384
  RenderBlock {DIV} at (3,3) size 185x17
    RenderText {#text} at (0,0) size 383x17
      text run at (0,0) width 383: "Lorem ipsum dolor sit amet, consectetur adipiscing elit"
layer at (275,404) size 185x17 scrollWidth 383
  RenderBlock {DIV} at (3,3) size 185x17 [color=#A9A9A9]
    RenderText {#text} at (0,0) size 383x17
      text run at (0,0) width 383: "Lorem ipsum dolor sit amet, consectetur adipiscing elit"
layer at (275,404) size 185x17
  RenderBlock {DIV} at (3,3) size 185x17
layer at (474,404) size 185x17 scrollWidth 384
  RenderBlock {DIV} at (3,3) size 185x17
    RenderText {#text} at (0,0) size 383x17
      text run at (0,0) width 383: "Lorem ipsum dolor sit amet, consectetur adipiscing elit"
